TAP version 13
# node:internal/modules/cjs/loader:1517
#   const err = new Error(message);
#               ^
# Error: Cannot find module '../../routes/keyServerDoesNotExist'
# Require stack:
# - /tmp/fixgen/wt/test/server/keyServerPathTraversal.unit.test.ts
#     at node:internal/modules/cjs/loader:1517:15
#     at nextResolveSimple (/home/mkorotchenko/research/juice-shop/node_modules/tsx/dist/register-B1c7OH6V.cjs:23:1010)
#     at /home/mkorotchenko/research/juice-shop/node_modules/tsx/dist/register-B1c7OH6V.cjs:22:4512
#     at /home/mkorotchenko/research/juice-shop/node_modules/tsx/dist/register-B1c7OH6V.cjs:22:2830
#     at resolveTsPaths (/home/mkorotchenko/research/juice-shop/node_modules/tsx/dist/register-B1c7OH6V.cjs:23:762)
#     at /home/mkorotchenko/research/juice-shop/node_modules/tsx/dist/register-B1c7OH6V.cjs:23:1203
#     at j._resolveFilename (file:///home/mkorotchenko/research/juice-shop/node_modules/tsx/dist/register-nyXW-TH3.mjs:2:18825)
#     at wrapResolveFilename (node:internal/modules/cjs/loader:1071:27)
#     at defaultResolveImplForCJSLoading (node:internal/modules/cjs/loader:1095:10)
#     at defaultResolve (node:internal/modules/cjs/loader:1152:20) {
#   code: 'MODULE_NOT_FOUND',
#   requireStack: [ '/tmp/fixgen/wt/test/server/keyServerPathTraversal.unit.test.ts' ]
# }
# Node.js v24.19.0
# Subtest: test/server/keyServerPathTraversal.unit.test.ts
not ok 1 - test/server/keyServerPathTraversal.unit.test.ts
  ---
  duration_ms: 154.620675
  type: 'test'
  location: '/tmp/fixgen/wt/test/server/keyServerPathTraversal.unit.test.ts:1:1'
  failureType: 'testCodeFailure'
  exitCode: 1
  signal: ~
  error: 'test failed'
  code: 'ERR_TEST_FAILURE'
  ...
1..1
# tests 1
# suites 0
# pass 0
# fail 1
# cancelled 0
# skipped 0
# todo 0
# duration_ms 162.496076
